[07:01:28] [ServerMain/INFO]: [bootstrap] Running Java 21 (OpenJDK 64-Bit Server VM 21.0.7+6-Ubuntu-0ubuntu122.04; Ubuntu null) on Linux 6.8.0-1030-gcp (amd64)
[07:01:28] [ServerMain/INFO]: [bootstrap] Loading Paper 1.21.5-22-main@6c2b037 (2025-04-16T18:32:47Z) for Minecraft 1.21.5
[07:01:29] [ServerMain/INFO]: [PluginInitializerManager] Initializing plugins...
[07:01:30] [ServerMain/INFO]: [PluginInitializerManager] Initialized 11 plugins
[07:01:30] [ServerMain/INFO]: [PluginInitializerManager] Bukkit plugins (11):
 - AuthMe (5.6.0-bCUSTOM), EasyWhitelist (1.0.2), FastLogin (1.10-git484855724b794de1fe057cf7360245362658b432), Geyser-Spigot (2.7.1-SNAPSHOT), LuckPerms (5.4.164), NoVpn (1.0.0), PlayerLogger (3.0.0), SkinsRestorer (15.6.6), ViaBackwards (5.3.2), ViaVersion (5.3.2), floodgate (2.2.4-SNAPSHOT (b116-0e3163c))
[07:01:38] [ServerMain/INFO]: Environment: Environment[sessionHost=https://sessionserver.mojang.com, servicesHost=https://api.minecraftservices.com, name=PROD]
[07:01:40] [ServerMain/INFO]: Loaded 1373 recipes
[07:01:40] [ServerMain/INFO]: Loaded 1484 advancements
[07:01:41] [Server thread/INFO]: Starting minecraft server version 1.21.5
[07:01:41] [Server thread/INFO]: Loading properties
[07:01:41] [Server thread/INFO]: This server is running Paper version 1.21.5-22-main@6c2b037 (2025-04-16T18:32:47Z) (Implementing API version 1.21.5-R0.1-SNAPSHOT)
[07:01:41] [Server thread/INFO]: [spark] This server bundles the spark profiler. For more information please visit https://docs.papermc.io/paper/profiling
[07:01:41] [Server thread/INFO]: Server Ping Player Sample Count: 12
[07:01:41] [Server thread/INFO]: Using 4 threads for Netty based IO
[07:01:43] [Server thread/INFO]: [MoonriseCommon] Paper is using 1 worker threads, 1 I/O threads
[07:01:43] [Server thread/INFO]: [ChunkTaskScheduler] Chunk system is using population gen parallelism: true
[07:01:43] [Server thread/INFO]: Default game type: SURVIVAL
[07:01:43] [Server thread/INFO]: Generating keypair
[07:01:43] [Server thread/INFO]: Starting Minecraft server on *:25565
[07:01:43] [Server thread/INFO]: Using epoll channel type
[07:01:43] [Server thread/INFO]: Paper: Using libdeflate (Linux x86_64) compression from Velocity.
[07:01:43] [Server thread/INFO]: Paper: Using OpenSSL 3.x.x (Linux x86_64) cipher from Velocity.
[07:01:44] [Server thread/WARN]: [org.bukkit.craftbukkit.legacy.CraftLegacy] Initializing Legacy Material Support. Unless you have legacy plugins and/or data this is a bug!
[07:02:06] [Server thread/WARN]: Legacy plugin EasyWhitelist v1.0.2 does not specify an api-version.
[07:02:06] [Server thread/WARN]: Legacy plugin FastLogin v1.10-git484855724b794de1fe057cf7360245362658b432 does not specify an api-version.
[07:02:07] [Server thread/INFO]: [ViaVersion] Loading server plugin ViaVersion v5.3.2
[07:02:07] [Server thread/INFO]: [ViaVersion] ViaVersion 5.3.2 is now loaded. Registering protocol transformers and injecting...
[07:02:08] [Via-Mappingloader-0/INFO]: [ViaVersion] Loading block connection mappings ...
[07:02:08] [Via-Mappingloader-0/INFO]: [ViaVersion] Using FastUtil Long2ObjectOpenHashMap for block connections
[07:02:09] [Server thread/INFO]: [ViaBackwards] Loading translations...
[07:02:09] [Server thread/INFO]: [ViaBackwards] Registering protocols...
[07:02:10] [Server thread/INFO]: [floodgate] Loading server plugin floodgate v2.2.4-SNAPSHOT (b116-0e3163c)
[07:02:11] [Server thread/WARN]: [floodgate] en_ is not a supported Floodgate language.
[07:02:11] [Server thread/INFO]: [floodgate] Took 1,181ms to boot Floodgate
[07:02:11] [Server thread/INFO]: [LuckPerms] Loading server plugin LuckPerms v5.4.164
[07:02:11] [Server thread/INFO]: [ViaBackwards] Loading server plugin ViaBackwards v5.3.2
[07:02:11] [Server thread/INFO]: [Geyser-Spigot] Loading server plugin Geyser-Spigot v2.7.1-SNAPSHOT
[07:02:12] [Server thread/INFO]: [Geyser-Spigot] Loading extensions...
[07:02:12] [Server thread/INFO]: [Geyser-Spigot] Loaded 0 extension(s)
[07:02:12] [Server thread/INFO]: [EasyWhitelist] Loading server plugin EasyWhitelist v1.0.2
[07:02:12] [Server thread/INFO]: [FastLogin] Loading server plugin FastLogin v1.10-git484855724b794de1fe057cf7360245362658b432
[07:02:12] [Server thread/INFO]: [PlayerLogger] Loading server plugin PlayerLogger v3.0.0
[07:02:12] [Server thread/INFO]: [AuthMe] Loading server plugin AuthMe v5.6.0-bCUSTOM
[07:02:12] [Server thread/INFO]: [SkinsRestorer] Loading server plugin SkinsRestorer v15.6.6
[07:02:12] [Server thread/INFO]: [NoVpn] Loading server plugin NoVpn v1.0.0
[07:02:12] [Server thread/INFO]: Server permissions file permissions.yml is empty, ignoring it
[07:02:12] [Server thread/INFO]: [LuckPerms] Enabling LuckPerms v5.4.164
[07:02:12] [Server thread/INFO]:         __    
[07:02:12] [Server thread/INFO]:   |    |__)   LuckPerms v5.4.164
[07:02:12] [Server thread/INFO]:   |___ |      Running on Bukkit - Paper
[07:02:12] [Server thread/INFO]: 
[07:02:12] [Server thread/INFO]: [LuckPerms] Loading configuration...
[07:02:13] [Server thread/INFO]: [LuckPerms] Loading storage provider... [H2]
[07:02:13] [Server thread/INFO]: [LuckPerms] Loading internal permission managers...
[07:02:13] [Server thread/INFO]: [LuckPerms] Performing initial data load...
[07:02:14] [Server thread/INFO]: [LuckPerms] Successfully enabled. (took 1855ms)
[07:02:14] [Server thread/INFO]: [FastLogin] Enabling FastLogin v1.10-git484855724b794de1fe057cf7360245362658b432*
[07:02:14] [Server thread/INFO]: [com.zaxxer.hikari.HikariDataSource] HikariPool-1 - Starting...
[07:02:14] [Server thread/INFO]: [com.zaxxer.hikari.HikariDataSource] HikariPool-1 - Start completed.
[07:02:14] [Server thread/WARN]: [FastLogin] Either ProtocolLib or ProtocolSupport have to be installed if you don't use BungeeCord
[07:02:14] [Server thread/INFO]: [PlayerLogger] Enabling PlayerLogger v3.0.0
[07:02:14] [Server thread/INFO]: [PlayerLogger] Loaded Configurations
[07:02:14] [Server thread/INFO]: [PlayerLogger] Using storage method [SQLITE]
[07:02:14] [Server thread/INFO]: [PlayerLogger] Connected to MySQL database successfully
[07:02:14] [Server thread/INFO]: [PlayerLogger] Loaded Database!
[07:02:14] [Server thread/INFO]: [PlayerLogger] Loaded Events & Commands
[07:02:14] [Server thread/INFO]: [PlayerLogger] --------------------------------------------------
[07:02:14] [Server thread/INFO]: [PlayerLogger]                                                   
[07:02:14] [Server thread/INFO]: [PlayerLogger]           Enabled Player Logger                   
[07:02:14] [Server thread/INFO]: [PlayerLogger]                  3.0.0
[07:02:14] [Server thread/INFO]: [PlayerLogger]                                                   
[07:02:14] [Server thread/INFO]: [PlayerLogger]            Developed by COMPHACK                  
[07:02:14] [Server thread/INFO]: [PlayerLogger]          Running on 1.21.5-22-6c2b037 (MC: 1.21.5)
[07:02:14] [Server thread/INFO]: [PlayerLogger]                                                   
[07:02:14] [Server thread/INFO]: [PlayerLogger] --------------------------------------------------
[07:02:14] [Server thread/INFO]: [PlayerLogger] Checking for Updates...
[07:02:14] [Server thread/INFO]: [SkinsRestorer] Enabling SkinsRestorer v15.6.6
[07:02:14] [ForkJoinPool.commonPool-worker-1/INFO]: [PlayerLogger] Your version of PlayerLogger (3.0.0) is up to date!
[07:02:15] [Server thread/INFO]: [SkinsRestorer] Running on Minecraft 1.21.5.
[07:02:15] [Server thread/INFO]: [SkinsRestorer] Floodgate skin listener registered
[07:02:16] [Server thread/INFO]: [SkinsRestorer] Using paper join listener!
[07:02:16] [Server thread/WARN]: **** SERVER IS RUNNING IN OFFLINE/INSECURE MODE!
[07:02:16] [Server thread/WARN]: The server will make no attempt to authenticate usernames. Beware.
[07:02:16] [Server thread/WARN]: While this makes the game possible to play without internet access, it also opens up the ability for hackers to connect with any username they choose.
[07:02:16] [Server thread/WARN]: To change this, set "online-mode" to "true" in the server.properties file.
[07:02:16] [Server thread/INFO]: Preparing level "world"
[07:02:16] [Folia Async Scheduler Thread #1/INFO]: [SkinsRestorer] ----------------------------------------------
[07:02:16] [Folia Async Scheduler Thread #1/INFO]: [SkinsRestorer]     +==================+
[07:02:16] [Folia Async Scheduler Thread #1/INFO]: [SkinsRestorer]     |   SkinsRestorer  |
[07:02:16] [Folia Async Scheduler Thread #1/INFO]: [SkinsRestorer]     |------------------|
[07:02:16] [Folia Async Scheduler Thread #1/INFO]: [SkinsRestorer]     |  Standalone Mode |
[07:02:16] [Folia Async Scheduler Thread #1/INFO]: [SkinsRestorer]     +==================+
[07:02:16] [Folia Async Scheduler Thread #1/INFO]: [SkinsRestorer] ----------------------------------------------
[07:02:16] [Folia Async Scheduler Thread #1/INFO]: [SkinsRestorer]     Version: 15.6.6
[07:02:16] [Folia Async Scheduler Thread #1/INFO]: [SkinsRestorer]     Commit: 763d6fb
[07:02:16] [Folia Async Scheduler Thread #1/INFO]: [SkinsRestorer]     This is the latest version!
[07:02:16] [Folia Async Scheduler Thread #1/INFO]: [SkinsRestorer] ----------------------------------------------
[07:02:16] [Folia Async Scheduler Thread #1/INFO]: [SkinsRestorer] Do you have issues? Read our troubleshooting guide: https://skinsrestorer.net/docs/troubleshooting
[07:02:16] [Folia Async Scheduler Thread #1/INFO]: [SkinsRestorer] Want to support SkinsRestorer? Consider donating: https://skinsrestorer.net/donate
[07:02:17] [Server thread/INFO]: Preparing start region for dimension minecraft:overworld
[07:02:17] [Server thread/INFO]: Preparing spawn area: 0%
[07:02:17] [Server thread/INFO]: Preparing spawn area: 0%
[07:02:18] [Server thread/INFO]: Preparing spawn area: 0%
[07:02:18] [Server thread/INFO]: Preparing spawn area: 0%
[07:02:18] [Server thread/INFO]: Time elapsed: 1809 ms
[07:02:18] [Server thread/INFO]: Preparing start region for dimension minecraft:the_nether
[07:02:18] [Server thread/INFO]: Preparing spawn area: 0%
[07:02:19] [Server thread/INFO]: Time elapsed: 302 ms
[07:02:19] [Server thread/INFO]: Preparing start region for dimension minecraft:the_end
[07:02:19] [Server thread/INFO]: Preparing spawn area: 0%
[07:02:19] [Server thread/INFO]: Time elapsed: 137 ms
[07:02:19] [Server thread/INFO]: [ViaVersion] Enabling ViaVersion v5.3.2
[07:02:19] [Server thread/INFO]: [ViaVersion] ViaVersion detected server version: 1.21.5 (770)
[07:02:19] [Server thread/INFO]: [floodgate] Enabling floodgate v2.2.4-SNAPSHOT (b116-0e3163c)
[07:02:19] [Server thread/INFO]: [ViaBackwards] Enabling ViaBackwards v5.3.2
[07:02:19] [Server thread/INFO]: [Geyser-Spigot] Enabling Geyser-Spigot v2.7.1-SNAPSHOT
[07:02:20] [Server thread/INFO]: [EasyWhitelist] Enabling EasyWhitelist v1.0.2*
[07:02:20] [Server thread/INFO]: EasyWhitelist > Config reloaded.
[07:02:20] [Server thread/INFO]: E-Whitelist > Loaded!
[07:02:20] [Server thread/INFO]: [AuthMe] Enabling AuthMe v5.6.0-bCUSTOM
[07:02:20] [Server thread/INFO]: [AuthMe] SQLite Setup finished
[07:02:21] [Server thread/INFO]: [AuthMe] Hooked into LuckPerms!
[07:02:21] [Server thread/WARN]: [AuthMe] WARNING! The protectInventory feature requires ProtocolLib! Disabling it...
[07:02:21] [Server thread/INFO]: [AuthMe] AuthMe 5.6.0 build n.CUSTOM successfully enabled!
[07:02:21] [Server thread/INFO]: [NoVpn] Enabling NoVpn v1.0.0
[07:02:22] [Server thread/INFO]: [spark] Starting background profiler...
[07:02:22] [Server thread/INFO]: [Geyser-Spigot] ******************************************
[07:02:22] [Server thread/INFO]: [Geyser-Spigot] 
[07:02:22] [Server thread/INFO]: [Geyser-Spigot] Loading Geyser version 2.7.1-b824 (git-master-b296f10)
[07:02:22] [Server thread/INFO]: [Geyser-Spigot] 
[07:02:22] [Server thread/INFO]: [Geyser-Spigot] ******************************************
[07:02:24] [pool-14-thread-1/WARN]: [floodgate] 
**********************************
* You specified an empty prefix in your Floodgate config for Bedrock players!
* Should a Java player join and a Bedrock player join with the same username, unwanted results and conflicts will happen!
* We strongly recommend using . as the prefix, but other alternatives that will not conflict include: +, - and *
**********************************
[07:02:27] [epollEventLoopGroup-3-1/INFO]: [Geyser-Spigot] Started Geyser on UDP port 19132
[07:02:27] [Server thread/INFO]: [Geyser-Spigot] Done (4.946s)! Run /geyser help for help!
[07:02:27] [Server thread/INFO]: Done preparing level "world" (11.554s)
[07:02:27] [Server thread/INFO]: Running delayed init tasks
[07:02:27] [Server thread/INFO]: Done (60.838s)! For help, type "help"
[07:02:27] [Craft Scheduler Thread - 5 - ViaVersion/INFO]: [ViaVersion] Finished mapping loading, shutting down loader executor.
[07:02:27] [Craft Scheduler Thread - 7 - AuthMe/INFO]: [AuthMe] Downloading GEO IP database, because the old database is older than 30 days or doesn't exist
[07:02:27] [Craft Scheduler Thread - 7 - AuthMe/WARN]: [AuthMe] No MaxMind credentials found in the configuration file! GeoIp protections will be disabled.
[07:02:27] [Craft Scheduler Thread - 7 - AuthMe/INFO]: [AuthMe] There is no newer GEO IP database uploaded to MaxMind. Using the old one for now.
[07:02:27] [Craft Scheduler Thread - 7 - AuthMe/WARN]: [AuthMe] Could not download GeoLiteAPI database [FileNotFoundException]: plugins/AuthMe/GeoLite2-Country.mmdb (No such file or directory)
[07:02:28] [Server thread/INFO]: [FastLogin] Hooking into auth plugin: AuthMe
[22:35:32] [SIGCONT handler/WARN]: Exception in thread "SIGCONT handler" java.io.IOError: java.io.IOException: Error calling ioctl(TIOCGWINSZ): return code is -1
[22:35:33] [SIGCONT handler/WARN]: 	at org.jline.terminal.impl.AbstractPosixTerminal.getSize(AbstractPosixTerminal.java:65)
[22:35:33] [Server thread/INFO]: Stopping server
[22:35:33] [SIGCONT handler/WARN]: 	at org.jline.terminal.Terminal.getBufferSize(Terminal.java:273)
[22:35:33] [SIGCONT handler/WARN]: 	at org.jline.reader.impl.LineReaderImpl.handleSignal(LineReaderImpl.java:1160)
[22:35:33] [SIGCONT handler/WARN]: 	at org.jline.terminal.impl.AbstractTerminal.raise(AbstractTerminal.java:96)
[22:35:33] [SIGCONT handler/WARN]: 	at org.jline.terminal.impl.PosixSysTerminal.lambda$handle$1(PosixSysTerminal.java:68)
[22:35:33] [SIGCONT handler/WARN]: 	at org.jline.utils.Signals.lambda$register$1(Signals.java:52)
[22:35:33] [SIGCONT handler/WARN]: 	at jdk.proxy2/jdk.proxy2.$Proxy64.handle(Unknown Source)
[22:35:33] [SIGCONT handler/WARN]: 	at jdk.unsupported/sun.misc.Signal$InternalMiscHandler.handle(Signal.java:198)
[22:35:33] [SIGCONT handler/WARN]: 	at java.base/jdk.internal.misc.Signal$1.run(Signal.java:218)
[22:35:33] [SIGCONT handler/WARN]: 	at java.base/java.lang.Thread.run(Thread.java:1583)
[22:35:33] [SIGCONT handler/WARN]: Caused by: java.io.IOException: Error calling ioctl(TIOCGWINSZ): return code is -1
[22:35:33] [SIGCONT handler/WARN]: 	at org.jline.terminal.impl.jni.JniNativePty.getSize(JniNativePty.java:155)
[22:35:33] [SIGCONT handler/WARN]: 	at org.jline.terminal.impl.AbstractPosixTerminal.getSize(AbstractPosixTerminal.java:63)
[22:35:33] [SIGCONT handler/WARN]: 	... 9 more
[22:35:33] [Server thread/INFO]: [NoVpn] Disabling NoVpn v1.0.0
[22:35:33] [Server console handler/ERROR]: Caught previously unhandled exception :
java.io.IOError: java.io.IOException: Input/output error
	at org.jline.keymap.BindingReader.readCharacter(BindingReader.java:170) ~[jline-reader-3.20.0.jar:?]
	at org.jline.keymap.BindingReader.readBinding(BindingReader.java:110) ~[jline-reader-3.20.0.jar:?]
	at org.jline.keymap.BindingReader.readBinding(BindingReader.java:61) ~[jline-reader-3.20.0.jar:?]
	at org.jline.reader.impl.LineReaderImpl.doReadBinding(LineReaderImpl.java:923) ~[jline-reader-3.20.0.jar:?]
	at org.jline.reader.impl.LineReaderImpl.readBinding(LineReaderImpl.java:956) ~[jline-reader-3.20.0.jar:?]
	at org.jline.reader.impl.LineReaderImpl.readLine(LineReaderImpl.java:651) ~[jline-reader-3.20.0.jar:?]
	at org.jline.reader.impl.LineReaderImpl.readLine(LineReaderImpl.java:468) ~[jline-reader-3.20.0.jar:?]
	at net.minecrell.terminalconsole.SimpleTerminalConsole.readCommands(SimpleTerminalConsole.java:158) ~[terminalconsoleappender-1.3.0.jar:?]
	at net.minecrell.terminalconsole.SimpleTerminalConsole.start(SimpleTerminalConsole.java:141) ~[terminalconsoleappender-1.3.0.jar:?]
	at net.minecraft.server.dedicated.DedicatedServer$1.run(DedicatedServer.java:108) ~[paper-1.21.5.jar:1.21.5-22-6c2b037]
Caused by: java.io.IOException: Input/output error
	at java.base/java.io.FileInputStream.read0(Native Method) ~[?:?]
	at java.base/java.io.FileInputStream.read(FileInputStream.java:231) ~[?:?]
	at java.base/java.io.FilterInputStream.read(FilterInputStream.java:71) ~[?:?]
	at org.jline.terminal.impl.AbstractPty$1.read(AbstractPty.java:58) ~[jline-terminal-3.27.1.jar:?]
	at org.jline.terminal.impl.AbstractPty$PtyInputStream.read(AbstractPty.java:124) ~[jline-terminal-3.27.1.jar:?]
	at org.jline.utils.NonBlockingInputStream.read(NonBlockingInputStream.java:62) ~[jline-terminal-3.27.1.jar:?]
	at org.jline.utils.NonBlocking$NonBlockingInputStreamReader.read(NonBlocking.java:157) ~[jline-terminal-3.27.1.jar:?]
	at org.jline.utils.NonBlockingReader.read(NonBlockingReader.java:56) ~[jline-terminal-3.27.1.jar:?]
	at org.jline.keymap.BindingReader.readCharacter(BindingReader.java:160) ~[jline-reader-3.20.0.jar:?]
	... 9 more
[22:35:33] [Server thread/INFO]: [SkinsRestorer] Disabling SkinsRestorer v15.6.6
[22:35:33] [Server thread/INFO]: [AuthMe] Disabling AuthMe v5.6.0-bCUSTOM
[22:35:33] [Server thread/INFO]: [AuthMe] Waiting for 0 tasks to finish
[22:35:33] [Server thread/INFO]: [AuthMe] AuthMe 5.6.0-bCUSTOM disabled!
[22:35:33] [Server thread/INFO]: [PlayerLogger] Disabling PlayerLogger v3.0.0
[22:35:33] [Server thread/ERROR]: Error occurred while disabling PlayerLogger v3.0.0
java.lang.NullPointerException: Cannot invoke "me.comphack.playerlogger.libs.webhook.WebhookClient.close()" because "this.webhookClient" is null
	at playerlogger-3.0.0.jar/me.comphack.playerlogger.PlayerLogger.onDisable(PlayerLogger.java:136) ~[playerlogger-3.0.0.jar:?]
	at org.bukkit.plugin.java.JavaPlugin.setEnabled(JavaPlugin.java:286) ~[paper-api-1.21.5-R0.1-SNAPSHOT.jar:?]
	at io.papermc.paper.plugin.manager.PaperPluginInstanceManager.disablePlugin(PaperPluginInstanceManager.java:237) ~[paper-1.21.5.jar:1.21.5-22-6c2b037]
	at io.papermc.paper.plugin.manager.PaperPluginInstanceManager.disablePlugins(PaperPluginInstanceManager.java:161) ~[paper-1.21.5.jar:1.21.5-22-6c2b037]
	at io.papermc.paper.plugin.manager.PaperPluginManagerImpl.disablePlugins(PaperPluginManagerImpl.java:97) ~[paper-1.21.5.jar:1.21.5-22-6c2b037]
	at org.bukkit.plugin.SimplePluginManager.disablePlugins(SimplePluginManager.java:541) ~[paper-api-1.21.5-R0.1-SNAPSHOT.jar:?]
	at org.bukkit.craftbukkit.CraftServer.disablePlugins(CraftServer.java:617) ~[paper-1.21.5.jar:1.21.5-22-6c2b037]
	at net.minecraft.server.MinecraftServer.stopServer(MinecraftServer.java:999) ~[paper-1.21.5.jar:1.21.5-22-6c2b037]
	at net.minecraft.server.dedicated.DedicatedServer.stopServer(DedicatedServer.java:715) ~[paper-1.21.5.jar:1.21.5-22-6c2b037]
	at net.minecraft.server.MinecraftServer.runServer(MinecraftServer.java:1292) ~[paper-1.21.5.jar:1.21.5-22-6c2b037]
	at net.minecraft.server.MinecraftServer.lambda$spin$2(MinecraftServer.java:308) ~[paper-1.21.5.jar:1.21.5-22-6c2b037]
	at java.base/java.lang.Thread.run(Thread.java:1583) ~[?:?]
[22:35:33] [Server thread/INFO]: [FastLogin] Disabling FastLogin v1.10-git484855724b794de1fe057cf7360245362658b432
[22:35:33] [Server thread/INFO]: [com.zaxxer.hikari.HikariDataSource] HikariPool-1 - Shutdown initiated...
[22:35:33] [Server thread/INFO]: [com.zaxxer.hikari.HikariDataSource] HikariPool-1 - Shutdown completed.
[22:35:33] [Server thread/INFO]: [EasyWhitelist] Disabling EasyWhitelist v1.0.2
[22:35:33] [Server thread/INFO]: [Geyser-Spigot] Disabling Geyser-Spigot v2.7.1-SNAPSHOT
[22:35:33] [Server thread/INFO]: [Geyser-Spigot] Shutting down Geyser.
[22:35:33] [Server thread/INFO]: [Geyser-Spigot] Geyser shutdown successfully.
[22:35:33] [Server thread/INFO]: [ViaBackwards] Disabling ViaBackwards v5.3.2
[22:35:33] [Server thread/INFO]: [LuckPerms] Disabling LuckPerms v5.4.164
[22:35:33] [Server thread/INFO]: [LuckPerms] Starting shutdown process...
[22:35:33] [Server thread/INFO]: [LuckPerms] Closing storage...
[22:35:33] [Server thread/INFO]: [LuckPerms] Goodbye!
[22:35:33] [Server thread/INFO]: [floodgate] Disabling floodgate v2.2.4-SNAPSHOT (b116-0e3163c)
[22:35:33] [WebSocketConnectReadThread-1993/INFO]: [Geyser-Spigot] The skin uploader has been closed
[22:35:33] [Server thread/INFO]: [ViaVersion] Disabling ViaVersion v5.3.2
[22:35:33] [Server thread/INFO]: [ViaVersion] ViaVersion has been disabled; uninjected the platform and shut down the scheduler.
[22:35:33] [Server thread/INFO]: Saving players
[22:35:34] [Server thread/INFO]: Saving worlds
[22:35:34] [Server thread/INFO]: Saving chunks for level 'ServerLevel[world]'/minecraft:overworld
[22:35:34] [Server thread/INFO]: [ChunkHolderManager] Waiting 60s for chunk system to halt for world 'world'
[22:35:34] [Server thread/INFO]: [ChunkHolderManager] Halted chunk system for world 'world'
[22:35:34] [Server thread/INFO]: [ChunkHolderManager] Saving all chunkholders for world 'world'
[22:35:34] [Server thread/INFO]: [ChunkHolderManager] Saved 2 block chunks, 31 entity chunks, 4 poi chunks in world 'world' in 0.04s
[22:35:34] [Server thread/INFO]: [ChunkHolderManager] Waiting 60s for chunk I/O to halt for world 'world'
[22:35:34] [Server thread/INFO]: [ChunkHolderManager] Halted I/O scheduler for world 'world'
[22:35:34] [Server thread/INFO]: Saving chunks for level 'ServerLevel[world_nether]'/minecraft:the_nether
[22:35:34] [Server thread/INFO]: [ChunkHolderManager] Waiting 60s for chunk system to halt for world 'world_nether'
[22:35:34] [Server thread/INFO]: [ChunkHolderManager] Halted chunk system for world 'world_nether'
[22:35:34] [Server thread/INFO]: [ChunkHolderManager] Saving all chunkholders for world 'world_nether'
[22:35:34] [Server thread/INFO]: [ChunkHolderManager] Saved 0 block chunks, 6 entity chunks, 0 poi chunks in world 'world_nether' in 0.01s
[22:35:34] [Server thread/INFO]: [ChunkHolderManager] Waiting 60s for chunk I/O to halt for world 'world_nether'
[22:35:34] [Server thread/INFO]: [ChunkHolderManager] Halted I/O scheduler for world 'world_nether'
[22:35:34] [Server thread/INFO]: Saving chunks for level 'ServerLevel[world_the_end]'/minecraft:the_end
[22:35:34] [Server thread/INFO]: [ChunkHolderManager] Waiting 60s for chunk system to halt for world 'world_the_end'
[22:35:34] [Server thread/INFO]: [ChunkHolderManager] Halted chunk system for world 'world_the_end'
[22:35:34] [Server thread/INFO]: [ChunkHolderManager] Saving all chunkholders for world 'world_the_end'
[22:35:34] [Server thread/INFO]: [ChunkHolderManager] Saved 0 block chunks, 8 entity chunks, 0 poi chunks in world 'world_the_end' in 0.01s
[22:35:34] [Server thread/INFO]: [ChunkHolderManager] Waiting 60s for chunk I/O to halt for world 'world_the_end'
[22:35:34] [Server thread/INFO]: [ChunkHolderManager] Halted I/O scheduler for world 'world_the_end'
[22:35:34] [Server thread/INFO]: ThreadedAnvilChunkStorage (world): All chunks are saved
[22:35:34] [Server thread/INFO]: ThreadedAnvilChunkStorage (DIM-1): All chunks are saved
[22:35:34] [Server thread/INFO]: ThreadedAnvilChunkStorage (DIM1): All chunks are saved
[22:35:34] [Server thread/INFO]: ThreadedAnvilChunkStorage: All dimensions are saved
[22:35:34] [Server thread/INFO]: Waiting for all RegionFile I/O tasks to complete...
[22:35:34] [Server thread/INFO]: All RegionFile I/O tasks to complete
[22:35:34] [Server thread/INFO]: [MoonriseCommon] Awaiting termination of worker pool for up to 60s...
[22:35:34] [Server thread/INFO]: [MoonriseCommon] Awaiting termination of I/O pool for up to 60s...
